=== 2026-09-06 20:39:42 ===
=== 2026-09-06 20:45:03 ===
  devpost  131 ditemukan, 0 baru
  lablab   145 ditemukan, 0 baru
  mlh      81 ditemukan, 0 baru
  digest  5 lomba · 63 kandidat · tersimpan di data/digests/2026-09-06.md
digest ok — data/digests/2026-09-06.md
=== 2026-09-07 08:05:13 ===
  devpost  GAGAL: ConnectError: [Errno 8] nodename nor servname provided, or not known
  lablab   GAGAL: ConnectError: [Errno 8] nodename nor servname provided, or not known
  mlh      GAGAL: ConnectError: [Errno 8] nodename nor servname provided, or not known
  digest  5 lomba · 63 kandidat · tersimpan di data/digests/2026-09-07.md
digest ok — data/digests/2026-09-07.md
=== 2026-09-07 10:21:52 ===
  devpost  122 ditemukan, 0 baru
  lablab   145 ditemukan, 0 baru
  mlh      81 ditemukan, 0 baru
  digest  5 lomba · 64 kandidat · tersimpan di data/digests/2026-09-07.md
digest ok — data/digests/2026-09-07.md
=== 2026-09-08 08:12:09 ===
  devpost  GAGAL: ConnectTimeout: _ssl.c:1015: The handshake operation timed out
  lablab   GAGAL: ConnectError: [Errno 8] nodename nor servname provided, or not known
  mlh      GAGAL: ConnectError: [Errno 8] nodename nor servname provided, or not known
  digest  5 lomba · 64 kandidat · tersimpan di data/digests/2026-09-08.md
digest ok — data/digests/2026-09-08.md
=== 2026-09-09 08:09:44 ===
  devpost  GAGAL: ConnectError: [Errno 8] nodename nor servname provided, or not known
  lablab   GAGAL: ConnectError: [Errno 8] nodename nor servname provided, or not known
  mlh      GAGAL: ConnectError: [Errno 8] nodename nor servname provided, or not known
  digest  5 lomba · 64 kandidat · tersimpan di data/digests/2026-09-09.md
digest ok — data/digests/2026-09-09.md
=== 2026-09-10 08:00:00 ===
  devpost  GAGAL: ConnectError: [Errno 8] nodename nor servname provided, or not known
  lablab   GAGAL: ConnectError: [Errno 8] nodename nor servname provided, or not known
  mlh      GAGAL: ConnectError: [Errno 8] nodename nor servname provided, or not known
  digest  5 lomba · 64 kandidat · tersimpan di data/digests/2026-09-10.md
digest ok — data/digests/2026-09-10.md
=== 2026-09-11 08:00:47 ===
  devpost  GAGAL: ConnectError: [Errno 8] nodename nor servname provided, or not known
  lablab   GAGAL: ConnectError: [Errno 8] nodename nor servname provided, or not known
  mlh      GAGAL: ConnectError: [Errno 8] nodename nor servname provided, or not known
  digest  5 lomba · 64 kandidat · tersimpan di data/digests/2026-09-11.md
digest ok — data/digests/2026-09-11.md
=== 2026-09-12 08:08:58 ===
  devpost  130 ditemukan, 19 baru
  lablab   146 ditemukan, 1 baru
  mlh      91 ditemukan, 10 baru
  digest  5 lomba · 67 kandidat · tersimpan di data/digests/2026-09-12.md
digest ok — data/digests/2026-09-12.md
=== 2026-09-13 08:14:42 ===
  devpost  GAGAL: ConnectError: [Errno 8] nodename nor servname provided, or not known
  lablab   GAGAL: ConnectError: [Errno 8] nodename nor servname provided, or not known
  mlh      GAGAL: ConnectError: [Errno 8] nodename nor servname provided, or not known
  digest  5 lomba · 67 kandidat · tersimpan di data/digests/2026-09-13.md
digest ok — data/digests/2026-09-13.md
=== 2026-09-14 08:02:14 ===
  devpost  117 ditemukan, 6 baru
  lablab   146 ditemukan, 0 baru
  mlh      GAGAL: ConnectError: [Errno 8] nodename nor servname provided, or not known
  digest  5 lomba · 70 kandidat · tersimpan di data/digests/2026-09-14.md
digest ok — data/digests/2026-09-14.md
=== 2026-09-15 08:03:35 ===
  devpost  GAGAL: ConnectError: [Errno 8] nodename nor servname provided, or not known
  lablab   GAGAL: ConnectError: [Errno 8] nodename nor servname provided, or not known
  mlh      GAGAL: ConnectError: [Errno 8] nodename nor servname provided, or not known
  digest  5 lomba · 70 kandidat · tersimpan di data/digests/2026-09-15.md
digest ok — data/digests/2026-09-15.md
=== 2026-09-16 08:00:14 ===
  devpost  GAGAL: ConnectError: [Errno 8] nodename nor servname provided, or not known
  lablab   GAGAL: ConnectError: [Errno 8] nodename nor servname provided, or not known
  mlh      GAGAL: ConnectError: [Errno 8] nodename nor servname provided, or not known
  digest  5 lomba · 70 kandidat · tersimpan di data/digests/2026-09-16.md
digest ok — data/digests/2026-09-16.md
=== 2026-09-17 08:02:08 ===
  devpost  GAGAL: ConnectError: [Errno 8] nodename nor servname provided, or not known
  lablab   GAGAL: ConnectError: [Errno 8] nodename nor servname provided, or not known
  mlh      GAGAL: ConnectError: [Errno 8] nodename nor servname provided, or not known
  digest  5 lomba · 70 kandidat · tersimpan di data/digests/2026-09-17.md
digest ok — data/digests/2026-09-17.md
=== 2026-09-18 08:00:05 ===
  devpost  121 ditemukan, 14 baru
  lablab   146 ditemukan, 0 baru
  mlh      95 ditemukan, 4 baru
  digest  5 lomba · 74 kandidat · tersimpan di data/digests/2026-09-18.md
digest ok — data/digests/2026-09-18.md
=== 2026-09-19 08:11:03 ===
  devpost  128 ditemukan, 11 baru
  lablab   146 ditemukan, 0 baru
  mlh      95 ditemukan, 0 baru
  digest  5 lomba · 76 kandidat · tersimpan di data/digests/2026-09-19.md
digest ok — data/digests/2026-09-19.md
=== 2026-09-20 08:00:05 ===
  devpost  131 ditemukan, 11 baru
  lablab   146 ditemukan, 0 baru
  mlh      95 ditemukan, 0 baru
  digest  5 lomba · 80 kandidat · tersimpan di data/digests/2026-09-20.md
digest ok — data/digests/2026-09-20.md
=== 2026-09-21 08:05:34 ===
  devpost  GAGAL: ConnectError: [Errno 8] nodename nor servname provided, or not known
  lablab   GAGAL: ConnectError: [Errno 8] nodename nor servname provided, or not known
  mlh      GAGAL: ConnectError: [Errno 8] nodename nor servname provided, or not known
  digest  5 lomba · 80 kandidat · tersimpan di data/digests/2026-09-21.md
digest ok — data/digests/2026-09-21.md
=== 2026-09-22 08:00:02 ===
  devpost  119 ditemukan, 11 baru
  lablab   146 ditemukan, 0 baru
  mlh      96 ditemukan, 1 baru
  digest  5 lomba · 84 kandidat · tersimpan di data/digests/2026-09-22.md
digest ok — data/digests/2026-09-22.md
=== 2026-09-23 08:00:01 ===
  devpost  125 ditemukan, 6 baru
  lablab   146 ditemukan, 0 baru
  mlh      97 ditemukan, 1 baru
  digest  5 lomba · 86 kandidat · tersimpan di data/digests/2026-09-23.md
digest ok — data/digests/2026-09-23.md
=== 2026-09-24 08:04:30 ===
  devpost  121 ditemukan, 5 baru
  lablab   146 ditemukan, 0 baru
  mlh      100 ditemukan, 3 baru
  digest  5 lomba · 87 kandidat · tersimpan di data/digests/2026-09-24.md
digest ok — data/digests/2026-09-24.md
=== 2026-09-25 08:02:55 ===
  devpost  123 ditemukan, 6 baru
  lablab   146 ditemukan, 0 baru
  mlh      101 ditemukan, 1 baru
  digest  5 lomba · 88 kandidat · tersimpan di data/digests/2026-09-25.md
digest ok — data/digests/2026-09-25.md
=== 2026-09-26 08:12:06 ===
  devpost  127 ditemukan, 7 baru
  lablab   146 ditemukan, 0 baru
  mlh      101 ditemukan, 0 baru
  digest  5 lomba · 89 kandidat · tersimpan di data/digests/2026-09-26.md
digest ok — data/digests/2026-09-26.md
=== 2026-09-27 08:00:05 ===
  devpost  144 ditemukan, 19 baru
  lablab   146 ditemukan, 0 baru
  mlh      101 ditemukan, 0 baru
  digest  5 lomba · 95 kandidat · tersimpan di data/digests/2026-09-27.md
digest ok — data/digests/2026-09-27.md
=== 2026-09-28 08:11:09 ===
  devpost  122 ditemukan, 4 baru
  lablab   146 ditemukan, 0 baru
  mlh      101 ditemukan, 0 baru
  digest  5 lomba · 97 kandidat · tersimpan di data/digests/2026-09-28.md
digest ok — data/digests/2026-09-28.md
